---
source: aml-parser/src/lexer.rs
expression: tokens
---
- kind: Newline
  location:
    start_byte: 0
    end_byte: 1
  value: "\n"
- kind:
    Element: VStack
  location:
    start_byte: 1
    end_byte: 7
  value: vstack
- kind:
    Indent: 1
  location:
    start_byte: 7
    end_byte: 8
  value: " "
- kind:
    Operator: LBracket
  location:
    start_byte: 8
    end_byte: 9
  value: "["
- kind: Identifier
  location:
    start_byte: 9
    end_byte: 14
  value: width
- kind:
    Operator: Colon
  location:
    start_byte: 14
    end_byte: 15
  value: ":"
- kind:
    Indent: 1
  location:
    start_byte: 15
    end_byte: 16
  value: " "
- kind:
    Primitive:
      Int: 10
  location:
    start_byte: 16
    end_byte: 18
  value: "10"
- kind:
    Operator: Comma
  location:
    start_byte: 18
    end_byte: 19
  value: ","
- kind:
    Indent: 1
  location:
    start_byte: 19
    end_byte: 20
  value: " "
- kind: Identifier
  location:
    start_byte: 20
    end_byte: 26
  value: height
- kind:
    Operator: Colon
  location:
    start_byte: 26
    end_byte: 27
  value: ":"
- kind:
    Indent: 1
  location:
    start_byte: 27
    end_byte: 28
  value: " "
- kind:
    Primitive:
      Int: 3
  location:
    start_byte: 28
    end_byte: 29
  value: "3"
- kind:
    Operator: RBracket
  location:
    start_byte: 29
    end_byte: 30
  value: "]"
- kind: Newline
  location:
    start_byte: 30
    end_byte: 31
  value: "\n"
- kind:
    Indent: 4
  location:
    start_byte: 31
    end_byte: 35
  value: "    "
- kind:
    Element: Text
  location:
    start_byte: 35
    end_byte: 39
  value: text
- kind:
    Indent: 1
  location:
    start_byte: 39
    end_byte: 40
  value: " "
- kind:
    Operator: LBracket
  location:
    start_byte: 40
    end_byte: 41
  value: "["
- kind: Identifier
  location:
    start_byte: 41
    end_byte: 51
  value: foreground
- kind:
    Operator: Colon
  location:
    start_byte: 51
    end_byte: 52
  value: ":"
- kind:
    Indent: 1
  location:
    start_byte: 52
    end_byte: 53
  value: " "
- kind: String
  location:
    start_byte: 53
    end_byte: 58
  value: "\"red\""
- kind:
    Operator: RBracket
  location:
    start_byte: 58
    end_byte: 59
  value: "]"
- kind:
    Indent: 1
  location:
    start_byte: 59
    end_byte: 60
  value: " "
- kind: String
  location:
    start_byte: 60
    end_byte: 71
  value: "\"Hello you\""
- kind: Newline
  location:
    start_byte: 71
    end_byte: 72
  value: "\n"
- kind:
    Indent: 4
  location:
    start_byte: 72
    end_byte: 76
  value: "    "
- kind:
    Element: Border
  location:
    start_byte: 76
    end_byte: 82
  value: border
- kind:
    Indent: 1
  location:
    start_byte: 82
    end_byte: 83
  value: " "
- kind:
    Operator: LBracket
  location:
    start_byte: 83
    end_byte: 84
  value: "["
- kind: Identifier
  location:
    start_byte: 84
    end_byte: 90
  value: height
- kind:
    Operator: Colon
  location:
    start_byte: 90
    end_byte: 91
  value: ":"
- kind:
    Indent: 1
  location:
    start_byte: 91
    end_byte: 92
  value: " "
- kind:
    Operator: Minus
  location:
    start_byte: 92
    end_byte: 93
  value: "-"
- kind:
    Primitive:
      Int: 10
  location:
    start_byte: 93
    end_byte: 95
  value: "10"
- kind:
    Operator: RBracket
  location:
    start_byte: 95
    end_byte: 96
  value: "]"
- kind: Newline
  location:
    start_byte: 96
    end_byte: 97
  value: "\n"
