---
source: aml-syntax/src/expressions/tests.rs
expression: parse(input)
---
Binary:
  lhs:
    Binary:
      lhs:
        Ident:
          value: a
          location:
            start_byte: 0
            end_byte: 1
      rhs:
        Ident:
          value: b
          location:
            start_byte: 4
            end_byte: 5
      op: Either
      location:
        start_byte: 0
        end_byte: 5
      original: a ? b
  rhs:
    Ident:
      value: c
      location:
        start_byte: 8
        end_byte: 9
  op: Either
  location:
    start_byte: 0
    end_byte: 9
  original: a ? b ? c
