---
source: aml-syntax/src/expressions/tests.rs
expression: parse(input)
---
List:
  items:
    - Binary:
        lhs:
          Primitive:
            value:
              Int: 1
            location:
              start_byte: 1
              end_byte: 2
            original: "1"
        rhs:
          Binary:
            lhs:
              Primitive:
                value:
                  Int: 12
                location:
                  start_byte: 5
                  end_byte: 7
                original: "12"
            rhs:
              Ident:
                value: a
                location:
                  start_byte: 10
                  end_byte: 11
            op: Mul
            location:
              start_byte: 5
              end_byte: 11
            original: 12 * a
        op: Plus
        location:
          start_byte: 1
          end_byte: 11
        original: 1 + 12 * a
    - Ident:
        value: b
        location:
          start_byte: 12
          end_byte: 13
    - Binary:
        lhs:
          Ident:
            value: c
            location:
              start_byte: 14
              end_byte: 15
        rhs:
          Primitive:
            value:
              Int: 13
            location:
              start_byte: 18
              end_byte: 20
            original: "13"
        op: Minus
        location:
          start_byte: 14
          end_byte: 20
        original: c - 13
  location:
    start_byte: 0
    end_byte: 21
  original: "[1 + 12 * a b c - 13]"
