---
source: aml-syntax/src/expressions/tests.rs
expression: parse(input)
---
ArrayIndex:
  lhs:
    ArrayIndex:
      lhs:
        Ident:
          value: array
          location:
            start_byte: 0
            end_byte: 5
      index:
        Primitive:
          value:
            Int: 0
          location:
            start_byte: 6
            end_byte: 7
          original: "0"
      location:
        start_byte: 0
        end_byte: 8
      original: "array[0]"
  index:
    Primitive:
      value:
        Int: 1
      location:
        start_byte: 9
        end_byte: 10
      original: "1"
  location:
    start_byte: 0
    end_byte: 11
  original: "array[0][1]"
