---
source: aml-syntax/src/expressions/tests.rs
expression: parse(input)
---
Binary:
  lhs:
    Ident:
      value: a
      location:
        start_byte: 0
        end_byte: 1
  rhs:
    Error:
      token: Eof
      location:
        start_byte: 2
        end_byte: 3
      original: +
  op: Plus
  location:
    start_byte: 0
    end_byte: 3
  original: a +
