---
source: aml-syntax/src/expressions/tests.rs
expression: parse(input)
---
Call:
  fun:
    Ident:
      value: func
      location:
        start_byte: 0
        end_byte: 4
  args:
    - Primitive:
        value:
          Int: 1
        location:
          start_byte: 5
          end_byte: 6
        original: "1"
    - Primitive:
        value:
          Int: 2
        location:
          start_byte: 8
          end_byte: 9
        original: "2"
    - Error:
        token: Eof
        location:
          start_byte: 8
          end_byte: 9
        original: "2"
  location:
    start_byte: 0
    end_byte: 9
  original: "func(1, 2"
