---
source: aml-syntax/src/expressions/tests.rs
expression: parse(input)
---
List:
  items:
    - Primitive:
        value:
          Int: 1
        location:
          start_byte: 1
          end_byte: 2
        original: "1"
    - List:
        items:
          - Primitive:
              value:
                Int: 2
              location:
                start_byte: 5
                end_byte: 6
              original: "2"
          - Primitive:
              value:
                Int: 3
              location:
                start_byte: 8
                end_byte: 9
              original: "3"
          - List:
              items:
                - Primitive:
                    value:
                      Int: 4
                    location:
                      start_byte: 12
                      end_byte: 13
                    original: "4"
                - Primitive:
                    value:
                      Int: 5
                    location:
                      start_byte: 15
                      end_byte: 16
                    original: "5"
              location:
                start_byte: 11
                end_byte: 17
              original: "[4, 5]"
        location:
          start_byte: 4
          end_byte: 18
        original: "[2, 3, [4, 5]]"
  location:
    start_byte: 0
    end_byte: 19
  original: "[1, [2, 3, [4, 5]]]"
